
   WARN  Metadata found in doc-comment for method Tests\Feature\Filament\SupirResourceTest::can_render_list_page(). Metadata in doc-comments is deprecated and will no longer be supported in PHPUnit 12. Update your test code to use attributes instead.

   WARN  Metadata found in doc-comment for method Tests\Feature\Filament\SupirResourceTest::can_list_supirs(). Metadata in doc-comments is deprecated and will no longer be supported in PHPUnit 12. Update your test code to use attributes instead.

   WARN  Metadata found in doc-comment for method Tests\Feature\Filament\SupirResourceTest::can_render_create_page(). Metadata in doc-comments is deprecated and will no longer be supported in PHPUnit 12. Update your test code to use attributes instead.

   WARN  Metadata found in doc-comment for method Tests\Feature\Filament\SupirResourceTest::can_render_edit_page(). Metadata in doc-comments is deprecated and will no longer be supported in PHPUnit 12. Update your test code to use attributes instead.

   PASS  Tests\Unit\ExampleTest
  Γ£ô that true is true

   PASS  Tests\Feature\ErrorPageTest
  Γ£ô preview 404 page loads correctly       1.15s  
  Γ£ô preview 500 page loads correctly       0.42s  
  Γ£ô non existent url shows custom 404      0.57s  

   FAIL  Tests\Feature\ExampleTest
  Γ¿» the application returns a successfulΓÇª  0.57s  

   FAIL  Tests\Feature\Filament\SupirResourceTest
  Γ£ô can render list page                   4.51s  
  Γ¿» can list supirs                        0.71s  
  Γ£ô can render create page                 0.74s  
  Γ£ô can render edit page                   0.75s  
  ΓöÇΓöÇΓöÇΓöÇΓöÇΓöÇΓöÇΓöÇΓöÇΓöÇΓöÇΓöÇΓöÇΓöÇΓöÇΓöÇΓöÇΓöÇΓöÇΓöÇΓöÇΓöÇΓöÇΓöÇΓöÇΓöÇΓöÇΓöÇΓöÇΓöÇΓöÇΓöÇΓöÇΓöÇΓöÇΓöÇΓöÇΓöÇΓöÇΓöÇΓöÇΓöÇΓöÇΓöÇΓöÇΓöÇ  
   FAILED  Tests\Feature\ExampleTest > the appΓÇª   
  Expected response status code [200] but received 302.
Failed asserting that 302 is identical to 200.

  at tests\Feature\ExampleTest.php:17
     13Γûò     public function test_the_application_returns_a_successful_response(): void
     14Γûò     {
     15Γûò         $response = $this->get('/');
     16Γûò 
  Γ₧£  17Γûò         $response->assertStatus(200);
     18Γûò     }
     19Γûò }
     20Γûò

  ΓöÇΓöÇΓöÇΓöÇΓöÇΓöÇΓöÇΓöÇΓöÇΓöÇΓöÇΓöÇΓöÇΓöÇΓöÇΓöÇΓöÇΓöÇΓöÇΓöÇΓöÇΓöÇΓöÇΓöÇΓöÇΓöÇΓöÇΓöÇΓöÇΓöÇΓöÇΓöÇΓöÇΓöÇΓöÇΓöÇΓöÇΓöÇΓöÇΓöÇΓöÇΓöÇΓöÇΓöÇΓöÇΓöÇ  
   FAILED  Tests\Feature\Filament\SupirResourcΓÇª   
  Expected: <div wire:key="lw-2173638681-0-global-search.field.input-10" wire:snapshot="{&quot;data&quot;:{&quot;isTableReordering&quot;:false,&quot;tableFilters&quot;:[{&quot;trashed&quot;:[{&quot;value&quot;:null},{&quot;s&quot;:&quot;arr&quot;}],&quot;has_hutang&quot;:[{&quot;isActive&quot;:false},{&quot;s&quot;:&quot;arr&quot;}]},{&quot;s&quot;:&quot;arr&quot;}],&quot;tableGrouping&quot;:null,&quot;tableSearch&quot;:&quot;&quot;,&quot;tableSort&quot;:null,&quot;activeTab&quot;:null,&quot;mountedActions&quot;:[[],{&quot;s&quot;:&quot;arr&quot;}],&quot;defaultAction&quot;:null,&quot;defaultActionArguments&quot;:null,&quot;defaultActionContext&quot;:null,&quot;defaultTableAction&quot;:null,&quot;defaultTableActionRecord&quot;:null,&quot;defaultTableActionArguments&quot;:null,&quot;componentFileAttachments&quot;:[[],{&quot;s&quot;:&quot;arr&quot;}],&quot;areSchemaStateUpdateHooksDisabledForTesting&quot;:false,&quot;discoveredSchemaNames&quot;:[[&quot;content&quot;,&quot;headerWidgets&quot;,&quot;footerWidgets&quot;],{&quot;s&quot;:&quot;arr&quot;}],&quot;parentRecord&quot;:null,&quot;isTableLoaded&quot;:false,&quot;tableRecordsPerPage&quot;:10,&quot;tableColumnSearches&quot;:[[],{&quot;s&quot;:&quot;arr&quot;}],&quot;selectedTableRecords&quot;:[[],{&quot;s&quot;:&quot;arr&quot;}],&quot;deselectedTableRecords&quot;:[[],{&quot;s&quot;:&quot;arr&quot;}],&quot;isTrackingDeselectedTableRecords&quot;:false,&quot;tableColumns&quot;:[[[{&quot;type&quot;:&quot;column&quot;,&quot;name&quot;:&quot;nama&quot;,&quot;label&quot;:&quot;Nama&quot;,&quot;isHidden&quot;:false,&quot;isToggled&quot;:true,&quot;isToggleable&quot;:false,&quot;isToggledHiddenByDefault&quot;:null},{&quot;s&quot;:&quot;arr&quot;}],[{&quot;type&quot;:&quot;column&quot;,&quot;name&quot;:&quot;alamat&quot;,&quot;label&quot;:&quot;Alamat&quot;,&quot;isHidden&quot;:false,&quot;isToggled&quot;:true,&quot;isToggleable&quot;:false,&quot;isToggledHiddenByDefault&quot;:null},{&quot;s&quot;:&quot;arr&quot;}],[{&quot;type&quot;:&quot;column&quot;,&quot;name&quot;:&quot;telepon&quot;,&quot;label&quot;:&quot;Telepon&quot;,&quot;isHidden&quot;:false,&quot;isToggled&quot;:true,&quot;isToggleable&quot;:false,&quot;isToggledHiddenByDefault&quot;:null},{&quot;s&quot;:&quot;arr&quot;}],[{&quot;type&quot;:&quot;column&quot;,&quot;name&quot;:&quot;sisa_hutang&quot;,&quot;label&quot;:&quot;Total Hutang&quot;,&quot;isHidden&quot;:false,&quot;isToggled&quot;:true,&quot;isToggleable&quot;:false,&quot;isToggledHiddenByDefault&quot;:null},{&quot;s&quot;:&quot;arr&quot;}]],{&quot;s&quot;:&quot;arr&quot;}],&quot;tableDeferredFilters&quot;:[{&quot;trashed&quot;:[{&quot;value&quot;:null},{&quot;s&quot;:&quot;arr&quot;}],&quot;has_hutang&quot;:[{&quot;isActive&quot;:false},{&quot;s&quot;:&quot;arr&quot;}]},{&quot;s&quot;:&quot;arr&quot;}],&quot;paginators&quot;:[{&quot;page&quot;:1},{&quot;s&quot;:&quot;arr&quot;}]},&quot;memo&quot;:{&quot;id&quot;:&quot;ToWOGGXzq8Gjz8lE7tJL&quot;,&quot;name&quot;:&quot;App\\Filament\\Resources\\Supirs\\Pages\\ListSupirs&quot;,&quot;path&quot;:&quot;livewire-unit-test-endpoint\/OyYTy52qtydUmS8iiTZl&quot;,&quot;method&quot;:&quot;GET&quot;,&quot;release&quot;:&quot;a-a-a&quot;,&quot;children&quot;:{&quot;ToWOGGXzq8Gjz8lE7tJL.headerWidgets.App\\Filament\\Resources\\Supirs\\Widgets\\SupirStatsWidget-0&quot;:[&quot;div&quot;,&quot;NFodG8cb665iroVguokm&quot;]},&quot;scripts&quot;:[],&quot;assets&quot;:[],&quot;errors&quot;:[],&quot;locale&quot;:&quot;id&quot;,&quot;islands&quot;:[]},&quot;checksum&quot;:&quot;7476cc3462049a7229f1a91eb6d9a1cee8645027e8ad9112d80dbee265b87cfd&quot;}" wire:effects="{&quot;partials&quot;:[],&quot;url&quot;:{&quot;isTableReordering&quot;:{&quot;as&quot;:&quot;reordering&quot;,&quot;use&quot;:&quot;replace&quot;,&quot;alwaysShow&quot;:false,&quot;except&quot;:null},&quot;tableFilters&quot;:{&quot;as&quot;:&quot;filters&quot;,&quot;use&quot;:&quot;replace&quot;,&quot;alwaysShow&quot;:false,&quot;except&quot;:null},&quot;tableGrouping&quot;:{&quot;as&quot;:&quot;grouping&quot;,&quot;use&quot;:&quot;replace&quot;,&quot;alwaysShow&quot;:false,&quot;except&quot;:null},&quot;tableSearch&quot;:{&quot;as&quot;:&quot;search&quot;,&quot;use&quot;:&quot;replace&quot;,&quot;alwaysShow&quot;:false,&quot;except&quot;:null},&quot;tableSort&quot;:{&quot;as&quot;:&quot;sort&quot;,&quot;use&quot;:&quot;replace&quot;,&quot;alwaysShow&quot;:false,&quot;except&quot;:null},&quot;activeTab&quot;:{&quot;as&quot;:&quot;tab&quot;,&quot;use&quot;:&quot;replace&quot;,&quot;alwaysShow&quot;:false,&quot;except&quot;:null},&quot;defaultAction&quot;:{&quot;as&quot;:&quot;action&quot;,&quot;use&quot;:&quot;replace&quot;,&quot;alwaysShow&quot;:false,&quot;except&quot;:null},&quot;defaultActionArguments&quot;:{&quot;as&quot;:&quot;actionArguments&quot;,&quot;use&quot;:&quot;replace&quot;,&quot;alwaysShow&quot;:false,&quot;except&quot;:null},&quot;defaultActionContext&quot;:{&quot;as&quot;:&quot;actionContext&quot;,&quot;use&quot;:&quot;replace&quot;,&quot;alwaysShow&quot;:false,&quot;except&quot;:null},&quot;defaultTableAction&quot;:{&quot;as&quot;:&quot;tableAction&quot;,&quot;use&quot;:&quot;replace&quot;,&quot;alwaysShow&quot;:false,&quot;except&quot;:null},&quot;defaultTableActionRecord&quot;:{&quot;as&quot;:&quot;tableActionRecord&quot;,&quot;use&quot;:&quot;replace&quot;,&quot;alwaysShow&quot;:false,&quot;except&quot;:null},&quot;defaultTableActionArguments&quot;:{&quot;as&quot;:&quot;tableActionArguments&quot;,&quot;use&quot;:&quot;replace&quot;,&quot;alwaysShow&quot;:false,&quot;except&quot;:null},&quot;paginators.page&quot;:{&quot;as&quot;:&quot;page&quot;,&quot;use&quot;:&quot;push&quot;,&quot;alwaysShow&quot;:false,&quot;except&quot;:null}},&quot;listeners&quot;:[&quot;refresh-page&quot;]}" wire:id="ToWOGGXzq8Gjz8lE7tJL" wire:name="App\Filament\Resources\Supirs\Pages\ListSupirs"\n
    class="fi-page fi-resource-list-records-page fi-resource-supirs"\n
>\n
    \n
\n
    <div class="fi-page-header-main-ctn">\n
        <!--[if BLOCK]><![endif]--><!--[if ENDBLOCK]><![endif]-->\n
        <!--[if BLOCK]><![endif]-->            \n
            <!--[if BLOCK]><![endif]-->                <header\n
    class="fi-header fi-header-has-breadcrumbs"\n
>\n
    <div>\n
        <!--[if BLOCK]><![endif]-->            <nav class="fi-breadcrumbs">\n
    <ol class="fi-breadcrumbs-list">\n
        <!--[if BLOCK]><![endif]-->            <li class="fi-breadcrumbs-item">\n
                <!--[if BLOCK]><![endif]--><!--[if ENDBLOCK]><![endif]-->\n
                <!--[if BLOCK]><![endif]-->                    <a\n
                        href="http://192.168.100.24:8000/admin/yayasan-melani/supirs"\n
                        class="fi-breadcrumbs-item-label"\n
                    >\n
                        Supir\n
                    </a>\n
                <!--[if ENDBLOCK]><![endif]-->            </li>\n
                    <li class="fi-breadcrumbs-item">\n
                <!--[if BLOCK]><![endif]-->                    <svg class="fi-icon fi-size-md fi-breadcrumbs-item-separator fi-ltr" xmlns="http://www.w3.org/2000/svg" viewBox="0 0 20 20" fill="currentColor" aria-hidden="true" data-slot="icon">\n
  <path fill-rule="evenodd" d="M8.22 5.22a.75.75 0 0 1 1.06 0l4.25 4.25a.75.75 0 0 1 0 1.06l-4.25 4.25a.75.75 0 0 1-1.06-1.06L11.94 10 8.22 6.28a.75.75 0 0 1 0-1.06Z" clip-rule="evenodd"/>\n
</svg>\n
\n
                    <svg class="fi-icon fi-size-md fi-breadcrumbs-item-separator fi-rtl" xmlns="http://www.w3.org/2000/svg" viewBox="0 0 20 20" fill="currentColor" aria-hidden="true" data-slot="icon">\n
  <path fill-rule="evenodd" d="M11.78 5.22a.75.75 0 0 1 0 1.06L8.06 10l3.72 3.72a.75.75 0 1 1-1.06 1.06l-4.25-4.25a.75.75 0 0 1 0-1.06l4.25-4.25a.75.75 0 0 1 1.06 0Z" clip-rule="evenodd"/>\n
</svg>\n
                <!--[if ENDBLOCK]><![endif]-->\n
                <!--[if BLOCK]><![endif]-->                    <span class="fi-breadcrumbs-item-label">\n
                        Daftar\n
                    </span>\n
                <!--[if ENDBLOCK]><![endif]-->            </li>\n
        <!--[if ENDBLOCK]><![endif]-->    </ol>\n
</nav>\n
        <!--[if ENDBLOCK]><![endif]-->\n
        <!--[if BLOCK]><![endif]-->            <h1 class="fi-header-heading">\n
                Supir\n
            </h1>\n
        <!--[if ENDBLOCK]><![endif]-->\n
        <!--[if BLOCK]><![endif]--><!--[if ENDBLOCK]><![endif]-->    </div>\n
\n
    \n
    <!--[if BLOCK]><![endif]--><!--[if ENDBLOCK]><![endif]--></header>\n
            <!--[if ENDBLOCK]><![endif]-->        <!--[if ENDBLOCK]><![endif]-->\n
        <div class="fi-page-main">\n
            <!--[if BLOCK]><![endif]--><!--[if ENDBLOCK]><![endif]-->\n
            <div class="fi-page-content">\n
                \n
\n
                \n
        <div class="fi-sc  fi-sc-has-gap fi-grid" style="--cols-default: repeat(1, minmax(0, 1fr));" x-data="filamentSchema({ livewireId: 'ToWOGGXzq8Gjz8lE7tJL' })" x-on:form-validation-error.window="handleFormValidationError">\n
                                                                                                                \n
        <div\n
                                        x-data="filamentSchemaComponent({\n
                    path: '',\n
                    containerPath: '',\n
                    $wire,\n
                })"\n
                                                        class="fi-grid-col" style="--col-span-default: span 1 / span 1;"        >\n
                            <div\n
                    class="fi-sc-component"\n
                >\n
                    <div\n
    \n
>\n
    \n
        <div class="fi-sc  fi-sc-has-gap fi-grid lg:fi-grid-cols" style="--cols-lg: repeat(2, minmax(0, 1fr)); --cols-default: repeat(1, minmax(0, 1fr));">\n
                                                <!--[if BLOCK]><![endif]-->\n
    <div wire:key="ToWOGGXzq8Gjz8lE7tJL.headerWidgets.App\Filament\Resources\Supirs\Widgets\SupirStatsWidget-0" wire:snapshot="{&quot;data&quot;:{&quot;componentFileAttachments&quot;:[[],{&quot;s&quot;:&quot;arr&quot;}],&quot;areSchemaStateUpdateHooksDisabledForTesting&quot;:false,&quot;discoveredSchemaNames&quot;:[[],{&quot;s&quot;:&quot;arr&quot;}]},&quot;memo&quot;:{&quot;id&quot;:&quot;NFodG8cb665iroVguokm&quot;,&quot;name&quot;:&quot;App\\Filament\\Resources\\Supirs\\Widgets\\SupirStatsWidget&quot;,&quot;path&quot;:&quot;livewire-unit-test-endpoint\/OyYTy52qtydUmS8iiTZl&quot;,&quot;method&quot;:&quot;GET&quot;,&quot;release&quot;:&quot;a-a-a&quot;,&quot;attributes&quot;:{&quot;record&quot;:null},&quot;children&quot;:[],&quot;scripts&quot;:[],&quot;assets&quot;:[],&quot;lazyLoaded&quot;:false,&quot;lazyIsolated&quot;:true,&quot;errors&quot;:[],&quot;locale&quot;:&quot;id&quot;,&quot;islands&quot;:[]},&quot;checksum&quot;:&quot;46bec9f63a2af79fb4b0dad33d47b422f8934fec20bd514a69843e9b941ba460&quot;}" wire:effects="{&quot;partials&quot;:[]}" wire:id="NFodG8cb665iroVguokm" wire:name="App\Filament\Resources\Supirs\Widgets\SupirStatsWidget" x-intersect="$wire.__lazyLoad(&#039;eyJkYXRhIjp7ImZvck1vdW50IjpbW10seyJzIjoiYXJyIn1dfSwibWVtbyI6eyJpZCI6Im8wUzVPbVpGZEdmMks3OXNhd1pkIiwibmFtZSI6Il9fbW91bnRQYXJhbXNDb250YWluZXIiLCJwYXRoIjoibGl2ZXdpcmUtdW5pdC10ZXN0LWVuZHBvaW50XC9PeVlUeTUycXR5ZFVtUzhpaVRabCIsIm1ldGhvZCI6IkdFVCIsInJlbGVhc2UiOiJhLWEtYSJ9LCJjaGVja3N1bSI6IjMwMzc2M2NlYWNhMDcwZDlmMmVjYTIxY2IxMjk4OGJmY2U4ZTFjZmNlZWRkOTczMTdjMTYxYjBiNDZkYWQzNTMifQ==&#039;)"\n
    style="height: 8rem; --col-span-lg: 1 / -1;" class="fi-section fi-loading-section fi-grid-col lg:fi-grid-col-span"\n
></div>\n
<!--[if ENDBLOCK]><![endif]-->                                    </div>\n
\n
        \n
</div>\n
                </div>\n
                    </div>\n
\n
                                                                                                            </div>\n
\n
        \n
\n
                \n
\n
                <div class="fi-sc  fi-sc-has-gap fi-grid" style="--cols-default: repeat(1, minmax(0, 1fr));" x-data="filamentSchema({ livewireId: 'ToWOGGXzq8Gjz8lE7tJL' })" x-on:form-validation-error.window="handleFormValidationError">\n
                                                \n
        <div\n
                            wire:partial="schema-component::content.resourceTabs"\n
                                    class="fi-grid-col fi-hidden" style="--col-span-default: span 1 / span 1;" wire:key="ToWOGGXzq8Gjz8lE7tJL.content.resourceTabs"        >\n
                    </div>\n
\n
                                                                                                                                        \n
        <div\n
                                        x-data="filamentSchemaComponent({\n
                    path: '',\n
                    containerPath: '',\n
                    $wire,\n
                })"\n
                                                        class="fi-grid-col" style="--col-span-default: span 1 / span 1;"        >\n
                            <div\n
                    class="fi-sc-component"\n
                >\n
                    <div\n
            wire:init="loadTable"\n
        x-data="filamentTable({\n
                areGroupsCollapsedByDefault: false,\n
                canTrackDeselectedRecords: true,\n
                currentSelectionLivewireProperty: null,\n
                maxSelectableRecords: null,\n
                selectsCurrentPageOnly: false,\n
                $wire,\n
            })"\n
    class="fi-ta fi-loading"\n
>\n
    <input\n
        type="hidden"\n
        value=""\n
        x-ref="allSelectableRecordsCount"\n
    />\n
\n
    <div\n
        class="fi-ta-ctn fi-ta-ctn-with-header"\n
    >\n
        <!--[if BLOCK]><![endif]--><!--[if ENDBLOCK]><![endif]-->\n
        <div class="fi-ta-main">\n
            <div\n
                                x-show="true || false || (getSelectedRecordsCount() && 1)"\n
                class="fi-ta-header-ctn"\n
            >\n
                \n
\n
                <!--[if BLOCK]><![endif]-->                    <div\n
                        class="fi-ta-header fi-ta-header-adaptive-actions-position"\n
                    >\n
                        <!--[if BLOCK]><![endif]--><!--[if ENDBLOCK]><![endif]-->\n
                        <!--[if BLOCK]><![endif]-->                            <div\n
                                class="fi-ta-actions fi-align-start fi-wrapped"\n
                            >\n
                                <!--[if BLOCK]><![endif]-->                                    \n
        \n
        \n
        <a                            href="http://192.168.100.24:8000/admin/yayasan-melani/supirs/create"                                                            class="fi-color fi-color-primary fi-bg-color-400 hover:fi-bg-color-300 dark:fi-bg-color-600 dark:hover:fi-bg-color-500 fi-text-color-900 hover:fi-text-color-800 dark:fi-text-color-950 dark:hover:fi-text-color-950 fi-btn fi-size-md  fi-ac-btn-action"        >\n
                            <svg class="fi-icon fi-size-md" xmlns="http://www.w3.org/2000/svg" fill="none" viewBox="0 0 24 24" stroke-width="1.5" stroke="currentColor" aria-hidden="true" data-slot="icon">\n
  <path stroke-linecap="round" stroke-linejoin="round" d="M12 4.5v15m7.5-7.5h-15"/>\n
</svg>                                            \n
                                                Tambah Supir                            \n
            \n
            \n
                    </a>\n
\n
        \n
        \n
                                <!--[if ENDBLOCK]><![endif]-->                            </div>\n
                        <!--[if ENDBLOCK]><![endif]-->                    </div>\n
                <!--[if ENDBLOCK]><![endif]-->\n
                \n
\n
                <!--[if BLOCK]><![endif]--><!--[if ENDBLOCK]><![endif]-->\n
                \n
\n
                <div\n
                                        x-show="true || false || (getSelectedRecordsCount() && 1)"\n
                    class="fi-ta-header-toolbar"\n
                >\n
                    \n
\n
                    <div class="fi-ta-actions fi-align-start fi-wrapped">\n
                        \n
\n
                        <!--[if BLOCK]><![endif]--><!--[if ENDBLOCK]><![endif]-->\n
                        \n
\n
                        <!--[if BLOCK]><![endif]-->                            <!--[if BLOCK]><![endif]-->                                \n
        <div\n
            x-data="filamentDropdown"\n
            class="fi-dropdown" x-cloak="x-cloak" x-show="getSelectedRecordsCount()"        >\n
            <div\n
                x-on:keyup.enter="toggle($event)"\n
                x-on:keyup.space="toggle($event)"\n
                x-on:mousedown="if ($event.button === 0) toggle($event)"\n
                class="fi-dropdown-trigger"\n
            >\n
                \n
                    \n
        \n
        <button                                                class="fi-icon-btn fi-size-md fi-ac-btn-group" title="Tindakan" type="button" wire:loading.attr="disabled"        >\n
            <svg class="fi-icon fi-size-md" xmlns="http://www.w3.org/2000/svg" viewBox="0 0 20 20" fill="currentColor" aria-hidden="true" data-slot="icon">\n
  <path d="M10 3a1.5 1.5 0 1 1 0 3 1.5 1.5 0 0 1 0-3ZM10 8.5a1.5 1.5 0 1 1 0 3 1.5 1.5 0 0 1 0-3ZM11.5 15.5a1.5 1.5 0 1 0-3 0 1.5 1.5 0 0 0 3 0Z"/>\n
</svg>            \n
                    </button>\n
\n
        \n
                \n
        \n
        <button                                                            class="fi-btn fi-size-md fi-labeled-from-sm fi-ac-btn-group" type="button" wire:loading.attr="disabled"        >\n
                            <svg class="fi-icon fi-size-md" xmlns="http://www.w3.org/2000/svg" viewBox="0 0 20 20" fill="currentColor" aria-hidden="true" data-slot="icon">\n
  <path d="M10 3a1.5 1.5 0 1 1 0 3 1.5 1.5 0 0 1 0-3ZM10 8.5a1.5 1.5 0 1 1 0 3 1.5 1.5 0 0 1 0-3ZM11.5 15.5a1.5 1.5 0 1 0-3 0 1.5 1.5 0 0 0 3 0Z"/>\n
</svg>                                            \n
                                                Tindakan                            \n
            \n
            \n
                    </button>\n
\n
        \n
                    </div>\n
\n
            <div\n
                x-cloak\n
                x-float.placement.bottom-start.flip.offset="{ offset: 8 }"\n
                x-ref="panel"\n
                x-transition:enter-start="fi-opacity-0"\n
                x-transition:leave-end="fi-opacity-0"\n
                style="" class="fi-dropdown-panel"            >\n
                                    <div class="fi-dropdown-list">\n
                                                    \n
        \n
        <button                                                class="fi-color fi-color-danger fi-text-color-600 hover:fi-text-color-700 dark:fi-text-color-400 dark:hover:fi-text-color-400 fi-dropdown-list-item fi-ac-grouped-action" type="button" wire:loading.attr="disabled" wire:target="mountAction('delete', {}, JSON.parse('{\u0022table\u0022:true,\u0022bulk\u0022:true}'))" x-cloak="x-cloak" x-show="getSelectedRecordsCount()" x-on:click="mountAction('delete', {}, JSON.parse('{\u0022table\u0022:true,\u0022bulk\u0022:true}'))"        >\n
            <svg wire:loading.remove.delay.default="1" wire:target="mountAction('delete', {}, JSON.parse('{\u0022table\u0022:true,\u0022bulk\u0022:true}'))" class="fi-icon fi-size-md fi-color fi-color-danger" xmlns="http://www.w3.org/2000/svg" viewBox="0 0 20 20" fill="currentColor" aria-hidden="true" data-slot="icon">\n
  <path fill-rule="evenodd" d="M8.75 1A2.75 2.75 0 0 0 6 3.75v.443c-.795.077-1.584.176-2.365.298a.75.75 0 1 0 .23 1.482l.149-.022.841 10.518A2.75 2.75 0 0 0 7.596 19h4.807a2.75 2.75 0 0 0 2.742-2.53l.841-10.52.149.023a.75.75 0 0 0 .23-1.482A41.03 41.03 0 0 0 14 4.193V3.75A2.75 2.75 0 0 0 11.25 1h-2.5ZM10 4c.84 0 1.673.025 2.5.075V3.75c0-.69-.56-1.25-1.25-1.25h-2.5c-.69 0-1.25.56-1.25 1.25v.325C8.327 4.025 9.16 4 10 4ZM8.58 7.72a.75.75 0 0 0-1.5.06l.3 7.5a.75.75 0 1 0 1.5-.06l-.3-7.5Zm4.34.06a.75.75 0 1 0-1.5-.06l-.3 7.5a.75.75 0 1 0 1.5.06l.3-7.5Z" clip-rule="evenodd"/>\n
</svg>            <svg\n
    fill="none"\n
    viewBox="0 0 24 24"\n
    xmlns="http://www.w3.org/2000/svg"\n
    class="fi-icon fi-loading-indicator fi-size-md" wire:loading.delay.default="" wire:target="mountAction('delete', {}, JSON.parse('{\u0022table\u0022:true,\u0022bulk\u0022:true}'))"\n
>\n
    <path\n
        clip-rule="evenodd"\n
        d="M12 19C15.866 19 19 15.866 19 12C19 8.13401 15.866 5 12 5C8.13401 5 5 8.13401 5 12C5 15.866 8.13401 19 12 19ZM12 22C17.5228 22 22 17.5228 22 12C22 6.47715 17.5228 2 12 2C6.47715 2 2 6.47715 2 12C2 17.5228 6.47715 22 12 22Z"\n
        fill-rule="evenodd"\n
        fill="currentColor"\n
        opacity="0.2"\n
    ></path>\n
    <path\n
        d="M2 12C2 6.47715 6.47715 2 12 2V5C8.13401 5 5 8.13401 5 12H2Z"\n
        fill="currentColor"\n
    ></path>\n
</svg>\n
            <span class="fi-dropdown-list-item-label">\n
                Hapus yang dipilih            </span>\n
\n
                    </button>\n
\n
        \n
                                                    </div>\n
                            </div>\n
        </div>\n
\n
        \n
                            <!--[if ENDBLOCK]><![endif]-->                        <!--[if ENDBLOCK]><![endif]-->\n
                        \n
\n
                        <!--[if BLOCK]><![endif]--><!--[if ENDBLOCK]><![endif]-->\n
                        \n
                    </div>\n
\n
                    <!--[if BLOCK]><![endif]-->                        <div>\n
                            \n
\n
                            <!--[if BLOCK]><![endif]-->                                \n
                                <div\n
    x-id="['input']"\n
    class="fi-ta-search-field"\n
>\n
    <label x-bind:for="$id('input')" class="fi-sr-only">\n
        Cari\n
    </label>\n
\n
    <div\n
        class="fi-input-wrp"\n
>\n
    <!--[if BLOCK]><![endif]-->        <div\n
                                    class="fi-input-wrp-prefix fi-input-wrp-prefix-has-content fi-inline"\n
        >\n
            <!--[if BLOCK]><![endif]--><!--[if ENDBLOCK]><![endif]-->\n
            <svg wire:loading.remove.delay.default="1" wire:target="tableSearch" class="fi-icon fi-size-md" xmlns="http://www.w3.org/2000/svg" viewBox="0 0 20 20" fill="currentColor" aria-hidden="true" data-slot="icon">\n
  <path fill-rule="evenodd" d="M9 3.5a5.5 5.5 0 1 0 0 11 5.5 5.5 0 0 0 0-11ZM2 9a7 7 0 1 1 12.452 4.391l3.328 3.329a.75.75 0 1 1-1.06 1.06l-3.329-3.328A7 7 0 0 1 2 9Z" clip-rule="evenodd"/>\n
</svg>\n
\n
            <!--[if BLOCK]><![endif]-->                <svg\n
    fill="none"\n
    viewBox="0 0 24 24"\n
    xmlns="http://www.w3.org/2000/svg"\n
    class="fi-icon fi-loading-indicator fi-size-md" wire:loading.delay.default="" wire:target="tableSearch"\n
>\n
    <path\n
        clip-rule="evenodd"\n
        d="M12 19C15.866 19 19 15.866 19 12C19 8.13401 15.866 5 12 5C8.13401 5 5 8.13401 5 12C5 15.866 8.13401 19 12 19ZM12 22C17.5228 22 22 17.5228 22 12C22 6.47715 17.5228 2 12 2C6.47715 2 2 6.47715 2 12C2 17.5228 6.47715 22 12 22Z"\n
        fill-rule="evenodd"\n
        fill="currentColor"\n
        opacity="0.2"\n
    ></path>\n
    <path\n
        d="M2 12C2 6.47715 6.47715 2 12 2V5C8.13401 5 5 8.13401 5 12H2Z"\n
        fill="currentColor"\n
    ></path>\n
</svg>\n
            <!--[if ENDBLOCK]><![endif]-->\n
            <!--[if BLOCK]><![endif]--><!--[if ENDBLOCK]><![endif]-->        </div>\n
    <!--[if ENDBLOCK]><![endif]-->\n
    <div\n
                class="fi-input-wrp-content-ctn"\n
    >\n
        <input\n
    class="fi-input fi-input-has-inline-prefix" autocomplete="off" maxlength="1000" placeholder="Cari" type="search" wire:key="ToWOGGXzq8Gjz8lE7tJL.table.tableSearch.field.input" wire:model.live.debounce.500ms="tableSearch" x-bind:id="$id('input')" x-on:keyup="if ($event.key === 'Enter') { $wire.$refresh() }"\n
/>\n
    </div>\n
\n
    <!--[if BLOCK]><![endif]--><!--[if ENDBLOCK]><![endif]--></div>\n
</div>\n
                            <!--[if ENDBLOCK]><![endif]-->\n
                            \n
\n
                            <!--[if BLOCK]><![endif]-->                                <!--[if BLOCK]><![endif]-->                                    <!--[if BLOCK]><![endif]-->                                        <div\n
    x-data="filamentDropdown"\n
    class="fi-dropdown fi-ta-filters-dropdown" wire:key="ToWOGGXzq8Gjz8lE7tJL.table.filters"\n
>\n
    <div\n
        x-on:keyup.enter="toggle($event)"\n
        x-on:keyup.space="toggle($event)"\n
        x-on:mousedown="if ($event.button === 0) toggle($event)"\n
        class="fi-dropdown-trigger"\n
    >\n
        <button                                                class="fi-icon-btn fi-size-md fi-ac-icon-btn-action fi-force-enabled" title="Filter" aria-label="Filter" type="button" wire:loading.attr="disabled"        >\n
            <svg class="fi-icon fi-size-md" xmlns="http://www.w3.org/2000/svg" viewBox="0 0 20 20" fill="currentColor" aria-hidden="true" data-slot="icon">\n
  <path fill-rule="evenodd" d="M2.628 1.601C5.028 1.206 7.49 1 10 1s4.973.206 7.372.601a.75.75 0 0 1 .628.74v2.288a2.25 2.25 0 0 1-.659 1.59l-4.682 4.683a2.25 2.25 0 0 0-.659 1.59v3.037c0 .684-.31 1.33-.844 1.757l-1.937 1.55A.75.75 0 0 1 8 18.25v-5.757a2.25 2.25 0 0 0-.659-1.591L2.659 6.22A2.25 2.25 0 0 1 2 4.629V2.34a.75.75 0 0 1 .628-.74Z" clip-rule="evenodd"/>\n
</svg>            \n
                            <div class="fi-icon-btn-badge-ctn">\n
                    <span class="fi-badge fi-size-xs">\n
                        0                    </span>\n
                </div>\n
                    </button>\n
    </div>\n
\n
    <!--[if BLOCK]><![endif]-->        <div\n
            x-cloak\n
            x-float.placement.bottom-end.shift.offset="{ offset: 8,  }"\n
            x-ref="panel"\n
            x-transition:enter-start="fi-opacity-0"\n
            x-transition:leave-end="fi-opacity-0"\n
                            wire:ignore.self\n
                wire:key="ToWOGGXzq8Gjz8lE7tJL.table.filters.panel"\n
                        class="fi-dropdown-panel fi-width-xs"\n
            style=""\n
        >\n
            <div class="fi-ta-filters">\n
    <div class="fi-ta-filters-header">\n
        <h2 class="fi-ta-filters-heading">\n
            Filter\n
        </h2>\n
\n
        <!--[if BLOCK]><![endif]-->            <div>\n
                <button\n
                class="fi-color fi-color-danger fi-text-color-600 dark:fi-text-color-300 fi-link fi-size-md" type="button" wire:loading.attr="disabled" wire:target="resetTableFiltersForm" wire:click="resetTableFiltersForm" wire:loading.remove.delay.default=""\n
>\n
    <!--[if BLOCK]><![endif]-->        <!--[if BLOCK]><![endif]--><!--[if ENDBLOCK]><![endif]-->\n
        <!--[if BLOCK]><![endif]-->            <svg\n
    fill="none"\n
    viewBox="0 0 24 24"\n
    xmlns="http://www.w3.org/2000/svg"\n
    class="fi-icon fi-loading-indicator fi-size-md" wire:loading.delay.default="" wire:target="resetTableFiltersForm"\n
>\n
    <path\n
        clip-rule="evenodd"\n
        d="M12 19C15.866 19 19 15.866 19 12C19 8.13401 15.866 5 12 5C8.13401 5 5 8.13401 5 12C5 15.866 8.13401 19 12 19ZM12 22C17.5228 22 22 17.5228 22 12C22 6.47715 17.5228 2 12 2C6.47715 2 2 6.47715 2 12C2 17.5228 6.47715 22 12 22Z"\n
        fill-rule="evenodd"\n
        fill="currentColor"\n
        opacity="0.2"\n
    ></path>\n
    <path\n
        d="M2 12C2 6.47715 6.47715 2 12 2V5C8.13401 5 5 8.13401 5 12H2Z"\n
        fill="currentColor"\n
    ></path>\n
</svg>\n
        <!--[if ENDBLOCK]><![endif]-->    <!--[if ENDBLOCK]><![endif]-->\n
    <!--[if BLOCK]><![endif]-->        Atur ulang filter\n
    <!--[if ENDBLOCK]><![endif]-->\n
    <!--[if BLOCK]><![endif]--><!--[if ENDBLOCK]><![endif]-->\n
    <!--[if BLOCK]><![endif]--><!--[if ENDBLOCK]><![endif]--></button>            </div>\n
        <!--[if ENDBLOCK]><![endif]-->    </div>\n
\n
    \n
        <div class="fi-sc  fi-sc-has-gap fi-grid lg:fi-grid-cols" style="--cols-lg: repeat(1, minmax(0, 1fr)); --cols-default: repeat(1, minmax(0, 1fr));" wire:partial="schema.tableFiltersForm" x-data="filamentSchema({ livewireId: 'ToWOGGXzq8Gjz8lE7tJL' })" x-on:form-validation-error.window="handleFormValidationError">\n
                                                \n
        <div\n
                            wire:partial="schema-component::tableFiltersForm.trashed"\n
                                        x-data="filamentSchemaComponent({\n
                    path: 'tableDeferredFilters.trashed',\n
                    containerPath: 'tableDeferredFilters',\n
                    $wire,\n
                })"\n
                                                        class="fi-grid-col  lg:fi-grid-col-span" style="--col-span-default: span 1 / span 1; --col-span-lg: span 1 / span 1;" wire:key="ToWOGGXzq8Gjz8lE7tJL.tableFiltersForm.trashed"        >\n
                            <div\n
                    class="fi-sc-component"\n
                >\n
                    <div\n
    id="tableFiltersForm.trashed"\n
>\n
    \n
        <div class="fi-sc  fi-sc-has-gap fi-grid" style="--cols-default: repeat(1, minmax(0, 1fr));">\n
                                                \n
        <div\n
                            wire:partial="schema-component::tableFiltersForm.trashed.value"\n
                                        x-data="filamentSchemaComponent({\n
                    path: 'tableDeferredFilters.trashed.value',\n
                    containerPath: 'tableDeferredFilters.trashed',\n
                    $wire,\n
                })"\n
                                                        class="fi-grid-col" style="--col-span-default: span 1 / span 1;" wire:key="ToWOGGXzq8Gjz8lE7tJL.tableFiltersForm.trashed.value"        >\n
                            <div\n
                    class="fi-sc-component"\n
                >\n
                    <div\n
    data-field-wrapper\n
    class="fi-fo-field fi-fo-select-wrp"\n
>\n
    <!--[if BLOCK]><![endif]--><!--[if ENDBLOCK]><![endif]-->\n
    <!--[if BLOCK]><![endif]-->        <div\n
            class="fi-fo-field-label-col"\n
        >\n
            \n
\n
            <div\n
                class="fi-fo-field-label-ctn "\n
            >\n
                \n
\n
                <!--[if BLOCK]><![endif]-->                    <label\n
                                                    for="tableFiltersForm.trashed.value"\n
                                                class="fi-fo-field-label"\n
                    >\n
                        \n
\n
                        <!--[if BLOCK]><![endif]-->                            <span class="fi-fo-field-label-content">\n
                                Data yang dihapus<!--[if BLOCK]><![endif]--><!--[if ENDBLOCK]><![endif]-->                            </span>\n
                        <!--[if ENDBLOCK]><![endif]-->\n
                        \n
                    </label>\n
                <!--[if ENDBLOCK]><![endif]-->\n
                \n
            </div>\n
\n
            \n
        </div>\n
    <!--[if ENDBLOCK]><![endif]-->\n
    <!--[if BLOCK]><![endif]-->        <div class="fi-fo-field-content-col">\n
            \n
\n
            <!--[if BLOCK]><![endif]-->                <div\n
        class="fi-input-wrp fi-fo-select fi-fo-select-native" x-on:focus-input.stop="$el.querySelector(&#039;select&#039;)?.focus()"\n
>\n
    <!--[if BLOCK]><![endif]--><!--[if ENDBLOCK]><![endif]-->\n
    <div\n
                class="fi-input-wrp-content-ctn"\n
    >\n
        <!--[if BLOCK]><![endif]-->            <select\n
                class="fi-select-input" id="tableFiltersForm.trashed.value" wire:model="tableDeferredFilters.trashed.value"\n
            >\n
                <!--[if BLOCK]><![endif]-->                    <option value="">\n
                        <!--[if BLOCK]><![endif]-->                            Tanpa data yang dihapus\n
                        <!--[if ENDBLOCK]><![endif]-->                    </option>\n
                <!--[if ENDBLOCK]><![endif]-->\n
                <!--[if BLOCK]><![endif]-->                    <!--[if BLOCK]><![endif]-->                        <option\n
                                                        value="1"\n
                        >\n
                            <!--[if BLOCK]><![endif]-->                                Dengan data yang dihapus\n
                            <!--[if ENDBLOCK]><![endif]-->                        </option>\n
                    <!--[if ENDBLOCK]><![endif]-->                                    <!--[if BLOCK]><![endif]-->                        <option\n
                                                        value="0"\n
                        >\n
                            <!--[if BLOCK]><![endif]-->                                Hanya data yang dihapus\n
                            <!--[if ENDBLOCK]><![endif]-->                        </option>\n
                    <!--[if ENDBLOCK]><![endif]-->                <!--[if ENDBLOCK]><![endif]-->            </select>\n
        <!--[if ENDBLOCK]><![endif]-->\n
    </div>\n
\n
    <!--[if BLOCK]><![endif]--><!--[if ENDBLOCK]><![endif]--></div>\n
            <!--[if ENDBLOCK]><![endif]-->\n
            \n
\n
            <!--[if BLOCK]><![endif]--><!--[if ENDBLOCK]><![endif]-->        </div>\n
    <!--[if ENDBLOCK]><![endif]--></div>\n
                </div>\n
                    </div>\n
\n
                                            </div>\n
\n
        \n
</div>\n
                </div>\n
                    </div>\n
\n
                                                                        \n
        <div\n
                            wire:partial="schema-component::tableFiltersForm.has_hutang"\n
                                        x-data="filamentSchemaComponent({\n
                    path: 'tableDeferredFilters.has_hutang',\n
                    containerPath: 'tableDeferredFilters',\n
                    $wire,\n
                })"\n
                                                        class="fi-grid-col  lg:fi-grid-col-span" style="--col-span-default: span 1 / span 1; --col-span-lg: span 1 / span 1;" wire:key="ToWOGGXzq8Gjz8lE7tJL.tableFiltersForm.has_hutang"        >\n
                            <div\n
                    class="fi-sc-component"\n
                >\n
                    <div\n
    id="tableFiltersForm.has_hutang"\n
>\n
    \n
        <div class="fi-sc  fi-sc-has-gap fi-grid" style="--cols-default: repeat(1, minmax(0, 1fr));">\n
                                                \n
        <div\n
                            wire:partial="schema-component::tableFiltersForm.has_hutang.isActive"\n
                                        x-data="filamentSchemaComponent({\n
                    path: 'tableDeferredFilters.has_hutang.isActive',\n
                    containerPath: 'tableDeferredFilters.has_hutang',\n
                    $wire,\n
                })"\n
                                                        class="fi-grid-col" style="--col-span-default: span 1 / span 1;" wire:key="ToWOGGXzq8Gjz8lE7tJL.tableFiltersForm.has_hutang.isActive"        >\n
                            <div\n
                    class="fi-sc-component"\n
                >\n
                    <div\n
    data-field-wrapper\n
    class="fi-fo-field"\n
>\n
    <!--[if BLOCK]><![endif]--><!--[if ENDBLOCK]><![endif]-->\n
    <!--[if BLOCK]><![endif]-->        <div\n
            class="fi-fo-field-label-col"\n
        >\n
            \n
\n
            <div\n
                class="fi-fo-field-label-ctn "\n
            >\n
                \n
\n
                <!--[if BLOCK]><![endif]-->                    <label\n
                                                    for="tableFiltersForm.has_hutang.isActive"\n
                                                class="fi-fo-field-label"\n
                    >\n
                        <button\n
    x-data="{ state: $wire.$entangle(&#039;tableDeferredFilters.has_hutang.isActive&#039;, false) }"\n
    x-bind:aria-checked="state?.toString()"\n
    x-on:click="state = ! state"\n
    x-bind:class="\n
        state ? 'fi-toggle-on fi-color fi-color-primary fi-bg-color-600 fi-text-color-600 dark:fi-bg-color-600' : 'fi-toggle-off'    "\n
            x-cloak\n
        class="fi-toggle fi-fo-toggle" role="switch" type="button" ariaChecked="false" id="tableFiltersForm.has_hutang.isActive" wire:loading.attr="disabled" wire:target="tableDeferredFilters.has_hutang.isActive" aria-checked="false"\n
>\n
    <div>\n
        <div aria-hidden="true">\n
            \n
        </div>\n
\n
        <div aria-hidden="true">\n
            \n
        </div>\n
    </div>\n
</button>\n
\n
<!--[if BLOCK]><![endif]-->    <div\n
        x-cloak="inline-flex"\n
        wire:ignore\n
        class="fi-toggle fi-toggle-on fi-hidden fi-color fi-color-primary fi-bg-color-600 fi-text-color-600 dark:fi-bg-color-600"\n
    >\n
        <div>\n
            <div aria-hidden="true"></div>\n
\n
            <div aria-hidden="true">\n
                \n
            </div>\n
        </div>\n
    </div>\n
<!--[if ENDBLOCK]><![endif]-->\n
\n
                        <!--[if BLOCK]><![endif]-->                            <span class="fi-fo-field-label-content">\n
                                Ada Hutang<!--[if BLOCK]><![endif]--><!--[if ENDBLOCK]><![endif]-->                            </span>\n
                        <!--[if ENDBLOCK]><![endif]-->\n
                        \n
                    </label>\n
                <!--[if ENDBLOCK]><![endif]-->\n
                \n
            </div>\n
\n
            \n
        </div>\n
    <!--[if ENDBLOCK]><![endif]-->\n
    <!--[if BLOCK]><![endif]--><!--[if ENDBLOCK]><![endif]--></div>\n
                </div>\n
                    </div>\n
\n
                                            </div>\n
\n
        \n
</div>\n
                </div>\n
                    </div>\n
\n
                                            </div>\n
\n
        \n
\n
    <!--[if BLOCK]><![endif]-->        <div class="fi-ta-filters-actions-ctn">\n
            <!--[if BLOCK]><![endif]-->                \n
        \n
        \n
        <button                                                            class="fi-color fi-color-primary fi-bg-color-400 hover:fi-bg-color-300 dark:fi-bg-color-600 dark:hover:fi-bg-color-500 fi-text-color-900 hover:fi-text-color-800 dark:fi-text-color-950 dark:hover:fi-text-color-950 fi-btn fi-size-md  fi-ac-btn-action" type="button" wire:loading.attr="disabled" wire:click="applyTableFilters"        >\n
                                            <svg\n
    fill="none"\n
    viewBox="0 0 24 24"\n
    xmlns="http://www.w3.org/2000/svg"\n
    class="fi-icon fi-loading-indicator fi-size-md" wire:loading.delay.default="" wire:target="applyTableFilters"\n
>\n
    <path\n
        clip-rule="evenodd"\n
        d="M12 19C15.866 19 19 15.866 19 12C19 8.13401 15.866 5 12 5C8.13401 5 5 8.13401 5 12C5 15.866 8.13401 19 12 19ZM12 22C17.5228 22 22 17.5228 22 12C22 6.47715 17.5228 2 12 2C6.47715 2 2 6.47715 2 12C2 17.5228 6.47715 22 12 22Z"\n
        fill-rule="evenodd"\n
        fill="currentColor"\n
        opacity="0.2"\n
    ></path>\n
    <path\n
        d="M2 12C2 6.47715 6.47715 2 12 2V5C8.13401 5 5 8.13401 5 12H2Z"\n
        fill="currentColor"\n
    ></path>\n
</svg>                            \n
                                                Terapkan filter                            \n
            \n
            \n
                    </button>\n
\n
        \n
        \n
            <!--[if ENDBLOCK]><![endif]-->\n
            <!--[if BLOCK]><![endif]--><!--[if ENDBLOCK]><![endif]-->        </div>\n
    <!--[if ENDBLOCK]><![endif]--></div>\n
        </div>\n
    <!--[if ENDBLOCK]><![endif]--></div>\n
                                    <!--[if ENDBLOCK]><![endif]-->                                <!--[if ENDBLOCK]><![endif]-->\n
                                \n
\n
                                <!--[if BLOCK]><![endif]--><!--[if ENDBLOCK]><![endif]-->\n
                                \n
                            <!--[if ENDBLOCK]><![endif]-->                        </div>\n
                    <!--[if ENDBLOCK]><![endif]-->\n
                    \n
                </div>\n
\n
                \n
            </div>\n
\n
            <!--[if BLOCK]><![endif]--><!--[if ENDBLOCK]><![endif]-->\n
            <!--[if BLOCK]><![endif]--><!--[if ENDBLOCK]><![endif]-->\n
            <!--[if BLOCK]><![endif]-->                <div\n
                                            wire:poll.30s\n
                                        class="fi-ta-content-ctn fi-fixed-positioning-context"\n
                >\n
                    <!--[if BLOCK]><![endif]-->                        <div class="fi-ta-table-loading-ctn">\n
                            <svg\n
    fill="none"\n
    viewBox="0 0 24 24"\n
    xmlns="http://www.w3.org/2000/svg"\n
    class="fi-icon fi-loading-indicator fi-size-2xl"\n
>\n
    <path\n
        clip-rule="evenodd"\n
        d="M12 19C15.866 19 19 15.866 19 12C19 8.13401 15.866 5 12 5C8.13401 5 5 8.13401 5 12C5 15.866 8.13401 19 12 19ZM12 22C17.5228 22 22 17.5228 22 12C22 6.47715 17.5228 2 12 2C6.47715 2 2 6.47715 2 12C2 17.5228 6.47715 22 12 22Z"\n
        fill-rule="evenodd"\n
        fill="currentColor"\n
        opacity="0.2"\n
    ></path>\n
    <path\n
        d="M2 12C2 6.47715 6.47715 2 12 2V5C8.13401 5 5 8.13401 5 12H2Z"\n
        fill="currentColor"\n
    ></path>\n
</svg>\n
                        </div>\n
                    <!--[if ENDBLOCK]><![endif]-->                </div>\n
            <!--[if ENDBLOCK]><![endif]-->\n
            <!--[if BLOCK]><![endif]--><!--[if ENDBLOCK]><![endif]-->\n
            <!--[if BLOCK]><![endif]--><!--[if ENDBLOCK]><![endif]-->\n
            <!--[if BLOCK]><![endif]--><!--[if ENDBLOCK]><![endif]-->        </div>\n
\n
        <!--[if BLOCK]><![endif]--><!--[if ENDBLOCK]><![endif]-->    </div>\n
\n
    <!--[if BLOCK]><![endif]-->    <div\n
        wire:partial="action-modals"\n
        x-data="filamentActionModals({\n
                    livewireId: 'ToWOGGXzq8Gjz8lE7tJL',\n
                })"\n
        style="height: 0"\n
    >\n
        <!--[if BLOCK]><![endif]--><!--[if ENDBLOCK]><![endif]-->    </div>\n
\n
    <!--[if ENDBLOCK]><![endif]--></div>\n
                </div>\n
                    </div>\n
\n
                                                                                                            </div>\n
\n
                \n
\n
                \n
\n
                \n
            </div>\n
\n
            <!--[if BLOCK]><![endif]--><!--[if ENDBLOCK]><![endif]-->        </div>\n
\n
        <!--[if BLOCK]><![endif]--><!--[if ENDBLOCK]><![endif]-->    </div>\n
\n
    <!--[if BLOCK]><![endif]--><!--[if ENDBLOCK]><![endif]-->\n
    <!--[if BLOCK]><![endif]--><!--[if ENDBLOCK]><![endif]-->\n
    \n
\n
    <!--[if BLOCK]><![endif]--><!--[if ENDBLOCK]><![endif]-->\n
    <!--[if BLOCK]><![endif]--><!--[if ENDBLOCK]><![endif]-->\n
    <!--[if BLOCK]><![endif]--><!--[if ENDBLOCK]><![endif]--></div>\n


  To contain: ToWOGGXzq8Gjz8lE7tJL.table.records.1

  at vendor\livewire\livewire\src\Features\SupportTesting\MakesAssertions.php:38
     34Γûò 
     35Γûò     function assertSeeHtml($values)
     36Γûò     {
     37Γûò         foreach (Arr::wrap($values) as $value) {
  Γ₧£  38Γûò             PHPUnit::assertStringContainsString(
     39Γûò                 $value,
     40Γûò                 $this->html()
     41Γûò             );
     42Γûò         }

  1   vendor\livewire\livewire\src\Features\SupportTesting\MakesAssertions.php:38
  2   vendor\filament\tables\src\Testing\TestsRecords.php:37


  Tests:    2 failed, 7 passed (18 assertions)
  Duration: 9.66s

